[0.007s] Invoking command in '/home/kim/ros2_ws/build/cpp_pubsub': CMAKE_PREFIX_PATH=${CMAKE_PREFIX_PATH}:/opt/ros/humble /usr/bin/cmake /home/kim/ros2_ws/src/cpp_pubsub -DCMAKE_INSTALL_PREFIX=/home/kim/ros2_ws/install/cpp_pubsub
[0.048s] -- The C compiler identification is GNU 11.4.0
[0.087s] -- The CXX compiler identification is GNU 11.4.0
[0.094s] -- Detecting C compiler ABI info
[0.150s] -- Detecting C compiler ABI info - done
[0.155s] -- Check for working C compiler: /usr/bin/cc - skipped
[0.155s] -- Detecting C compile features
[0.155s] -- Detecting C compile features - done
[0.157s] -- Detecting CXX compiler ABI info
[0.220s] -- Detecting CXX compiler ABI info - done
[0.226s] -- Check for working CXX compiler: /usr/bin/c++ - skipped
[0.226s] -- Detecting CXX compile features
[0.227s] -- Detecting CXX compile features - done
[0.228s] -- Found ament_cmake: 1.3.14 (/opt/ros/humble/share/ament_cmake/cmake)
[0.332s] -- Found Python3: /usr/bin/python3 (found version "3.10.12") found components: Interpreter 
[0.386s] -- Found rclcpp: 16.0.21 (/opt/ros/humble/share/rclcpp/cmake)
[0.406s] -- Found rosidl_generator_c: 3.1.9 (/opt/ros/humble/share/rosidl_generator_c/cmake)
[0.409s] -- Found rosidl_adapter: 3.1.9 (/opt/ros/humble/share/rosidl_adapter/cmake)
[0.413s] -- Found rosidl_generator_cpp: 3.1.9 (/opt/ros/humble/share/rosidl_generator_cpp/cmake)
[0.419s] -- Using all available rosidl_typesupport_c: rosidl_typesupport_fastrtps_c;rosidl_typesupport_introspection_c
[0.428s] -- Using all available rosidl_typesupport_cpp: rosidl_typesupport_fastrtps_cpp;rosidl_typesupport_introspection_cpp
[0.457s] -- Found rmw_implementation_cmake: 6.1.4 (/opt/ros/humble/share/rmw_implementation_cmake/cmake)
[0.459s] -- Found rmw_fastrtps_cpp: 6.2.10 (/opt/ros/humble/share/rmw_fastrtps_cpp/cmake)
[0.520s] -- Found OpenSSL: /usr/lib/x86_64-linux-gnu/libcrypto.so (found version "3.0.2")  
[0.542s] -- Found FastRTPS: /opt/ros/humble/include  
[0.568s] -- Using RMW implementation 'rmw_fastrtps_cpp' as default
[0.572s] -- Looking for pthread.h
[0.630s] -- Looking for pthread.h - found
[0.631s] -- Performing Test CMAKE_HAVE_LIBC_PTHREAD
[0.689s] -- Performing Test CMAKE_HAVE_LIBC_PTHREAD - Success
[0.690s] -- Found Threads: TRUE  
[0.720s] -- Found geometry_msgs: 4.9.2 (/opt/ros/humble/share/geometry_msgs/cmake)
[0.727s] -- Found turtlesim: 1.4.3 (/opt/ros/humble/share/turtlesim/cmake)
[0.750s] -- Found ament_lint_auto: 0.12.15 (/opt/ros/humble/share/ament_lint_auto/cmake)
[0.794s] -- Added test 'cppcheck' to perform static code analysis on C / C++ code
[0.794s] -- Configured cppcheck include dirs: 
[0.794s] -- Configured cppcheck exclude dirs and/or files: 
[0.794s] -- Added test 'lint_cmake' to check CMake code style
[0.794s] -- Added test 'uncrustify' to check C / C++ code style
[0.794s] -- Configured uncrustify additional arguments: 
[0.795s] -- Added test 'xmllint' to check XML markup files
[0.795s] -- Configuring done
[0.802s] -- Generating done
[0.804s] -- Build files have been written to: /home/kim/ros2_ws/build/cpp_pubsub
[0.811s] Invoked command in '/home/kim/ros2_ws/build/cpp_pubsub' returned '0': CMAKE_PREFIX_PATH=${CMAKE_PREFIX_PATH}:/opt/ros/humble /usr/bin/cmake /home/kim/ros2_ws/src/cpp_pubsub -DCMAKE_INSTALL_PREFIX=/home/kim/ros2_ws/install/cpp_pubsub
[0.812s] Invoking command in '/home/kim/ros2_ws/build/cpp_pubsub': CMAKE_PREFIX_PATH=${CMAKE_PREFIX_PATH}:/opt/ros/humble /usr/bin/cmake --build /home/kim/ros2_ws/build/cpp_pubsub -- -j6 -l6
[0.851s] [ 50%] [32mBuilding CXX object CMakeFiles/my_publisher.dir/src/my_publisher.cpp.o[0m
[0.851s] [ 50%] [32mBuilding CXX object CMakeFiles/my_subscriber.dir/src/my_subscriber.cpp.o[0m
[4.807s] [ 75%] [32m[1mLinking CXX executable my_publisher[0m
[4.973s] [ 75%] Built target my_publisher
[6.025s] [100%] [32m[1mLinking CXX executable my_subscriber[0m
[6.268s] [100%] Built target my_subscriber
[6.278s] Invoked command in '/home/kim/ros2_ws/build/cpp_pubsub' returned '0': CMAKE_PREFIX_PATH=${CMAKE_PREFIX_PATH}:/opt/ros/humble /usr/bin/cmake --build /home/kim/ros2_ws/build/cpp_pubsub -- -j6 -l6
[6.286s] Invoking command in '/home/kim/ros2_ws/build/cpp_pubsub': CMAKE_PREFIX_PATH=${CMAKE_PREFIX_PATH}:/opt/ros/humble /usr/bin/cmake --install /home/kim/ros2_ws/build/cpp_pubsub
[6.292s] -- Install configuration: ""
[6.292s] -- Installing: /home/kim/ros2_ws/install/cpp_pubsub/lib/cpp_pubsub/my_publisher
[6.292s] -- Set runtime path of "/home/kim/ros2_ws/install/cpp_pubsub/lib/cpp_pubsub/my_publisher" to ""
[6.292s] -- Installing: /home/kim/ros2_ws/install/cpp_pubsub/lib/cpp_pubsub/my_subscriber
[6.294s] -- Set runtime path of "/home/kim/ros2_ws/install/cpp_pubsub/lib/cpp_pubsub/my_subscriber" to ""
[6.294s] -- Installing: /home/kim/ros2_ws/install/cpp_pubsub/share/ament_index/resource_index/package_run_dependencies/cpp_pubsub
[6.294s] -- Installing: /home/kim/ros2_ws/install/cpp_pubsub/share/ament_index/resource_index/parent_prefix_path/cpp_pubsub
[6.294s] -- Installing: /home/kim/ros2_ws/install/cpp_pubsub/share/cpp_pubsub/environment/ament_prefix_path.sh
[6.294s] -- Installing: /home/kim/ros2_ws/install/cpp_pubsub/share/cpp_pubsub/environment/ament_prefix_path.dsv
[6.294s] -- Installing: /home/kim/ros2_ws/install/cpp_pubsub/share/cpp_pubsub/environment/path.sh
[6.294s] -- Installing: /home/kim/ros2_ws/install/cpp_pubsub/share/cpp_pubsub/environment/path.dsv
[6.294s] -- Installing: /home/kim/ros2_ws/install/cpp_pubsub/share/cpp_pubsub/local_setup.bash
[6.294s] -- Installing: /home/kim/ros2_ws/install/cpp_pubsub/share/cpp_pubsub/local_setup.sh
[6.294s] -- Installing: /home/kim/ros2_ws/install/cpp_pubsub/share/cpp_pubsub/local_setup.zsh
[6.294s] -- Installing: /home/kim/ros2_ws/install/cpp_pubsub/share/cpp_pubsub/local_setup.dsv
[6.295s] -- Installing: /home/kim/ros2_ws/install/cpp_pubsub/share/cpp_pubsub/package.dsv
[6.295s] -- Installing: /home/kim/ros2_ws/install/cpp_pubsub/share/ament_index/resource_index/packages/cpp_pubsub
[6.295s] -- Installing: /home/kim/ros2_ws/install/cpp_pubsub/share/cpp_pubsub/cmake/cpp_pubsubConfig.cmake
[6.295s] -- Installing: /home/kim/ros2_ws/install/cpp_pubsub/share/cpp_pubsub/cmake/cpp_pubsubConfig-version.cmake
[6.295s] -- Installing: /home/kim/ros2_ws/install/cpp_pubsub/share/cpp_pubsub/package.xml
[6.296s] Invoked command in '/home/kim/ros2_ws/build/cpp_pubsub' returned '0': CMAKE_PREFIX_PATH=${CMAKE_PREFIX_PATH}:/opt/ros/humble /usr/bin/cmake --install /home/kim/ros2_ws/build/cpp_pubsub
